// Jest Snapshot v1, https://goo.gl/fbAQLP

exports[`<DropdownWidget /> should not render dropdown wrapper if options are empty 1`] = `
<DocumentFragment>
  <div
    class="sc-ensa-Dq chALDi appsmith_widget_Widget1 positioned-widget t--widget-dividerwidget"
    data-testid="test-widget"
    id="Widget1"
    style="position: absolute; left: 10px; top: 9px; height: 3px; width: 4px; padding: 4px; z-index: 1; background-color: inherit;"
  >
    <div
      class="sc-gtssRu edvdMy t--draggable-dividerwidget"
      data-testid="t--selected"
      draggable="true"
      style="display: block;"
    >
      <div
        class="sc-hWZkNf eLznQS"
        data-testid="t--settings-controls-positioned-wrapper"
      >
        <div
          class="sc-kLwpxw geDBLR"
        >
          <span
            class="bp3-popover-wrapper sc-bwcZQD kkpcqw"
          >
            <span
              class="bp3-popover-target"
            >
              <div
                class="sc-ekAeAU MCEpy t--widget-propertypane-toggle"
                data-testid="t--widget-propertypane-toggle"
                style="background: rgb(239, 117, 65); color: rgb(255, 255, 255);"
                tabindex="0"
              >
                <span
                  class="sc-btldOh bTMIYM t--widget-name"
                >
                  Divider 1
                </span>
                <div
                  class="sc-bdnylx jqqvxn"
                  color="#FFFFFF"
                  height="14"
                  width="12"
                >
                  <svg
                    class="remixicon-icon "
                    fill="currentColor"
                    height="24"
                    viewBox="0 0 24 24"
                    width="24"
                  >
                    <path
                      d="M2.213 14.06a9.945 9.945 0 0 1 0-4.12c1.11.13 2.08-.237 2.396-1.001.317-.765-.108-1.71-.986-2.403a9.945 9.945 0 0 1 2.913-2.913c.692.877 1.638 1.303 2.403.986.765-.317 1.132-1.286 1.001-2.396a9.945 9.945 0 0 1 4.12 0c-.13 1.11.237 2.08 1.001 2.396.765.317 1.71-.108 2.403-.986a9.945 9.945 0 0 1 2.913 2.913c-.877.692-1.303 1.638-.986 2.403.317.765 1.286 1.132 2.396 1.001a9.945 9.945 0 0 1 0 4.12c-1.11-.13-2.08.237-2.396 1.001-.317.765.108 1.71.986 2.403a9.945 9.945 0 0 1-2.913 2.913c-.692-.877-1.638-1.303-2.403-.986-.765.317-1.132 1.286-1.001 2.396a9.945 9.945 0 0 1-4.12 0c.13-1.11-.237-2.08-1.001-2.396-.765-.317-1.71.108-2.403.986a9.945 9.945 0 0 1-2.913-2.913c.877-.692 1.303-1.638.986-2.403-.317-.765-1.286-1.132-2.396-1.001zM4 12.21c1.1.305 2.007 1.002 2.457 2.086.449 1.085.3 2.22-.262 3.212.096.102.195.201.297.297.993-.562 2.127-.71 3.212-.262 1.084.45 1.781 1.357 2.086 2.457.14.004.28.004.42 0 .305-1.1 1.002-2.007 2.086-2.457 1.085-.449 2.22-.3 3.212.262.102-.096.201-.195.297-.297-.562-.993-.71-2.127-.262-3.212.45-1.084 1.357-1.781 2.457-2.086.004-.14.004-.28 0-.42-1.1-.305-2.007-1.002-2.457-2.086-.449-1.085-.3-2.22.262-3.212a7.935 7.935 0 0 0-.297-.297c-.993.562-2.127.71-3.212.262C13.212 6.007 12.515 5.1 12.21 4a7.935 7.935 0 0 0-.42 0c-.305 1.1-1.002 2.007-2.086 2.457-1.085.449-2.22.3-3.212-.262-.102.096-.201.195-.297.297.562.993.71 2.127.262 3.212C6.007 10.788 5.1 11.485 4 11.79c-.004.14-.004.28 0 .42zM12 15a3 3 0 1 1 0-6 3 3 0 0 1 0 6zm0-2a1 1 0 1 0 0-2 1 1 0 0 0 0 2z"
                    />
                  </svg>
                </div>
              </div>
            </span>
          </span>
        </div>
      </div>
      <div
        class="sc-lmgQde kVJDGM"
        style="width: -4px; height: -5px; transform: translate3d(0px,0px,0);"
      >
        <div
          class="sc-iJCRLp fMJTLv"
        >
          <div
            class="sc-kqfmBx QsbEG"
            data-cy="overlay-comments-wrapper"
            id="comment-overlay-wrapper-Widget1"
          >
            <div
              class="sc-jHUuVj eeiuXj"
            >
              <div
                class="sc-hUhoKJ hKpnHd"
              >
                <div
                  class="sc-bOCgKg dUWemL"
                >
                  <div
                    class="bp3-control-group bp3-fill sc-jFcySN exmpEE"
                    haslabel="true"
                  >
                    <label
                      class="bp3-label bp3-text-overflow-ellipsis"
                    >
                      undefined
                    </label>
                    <span
                      class="bp3-popover-wrapper sc-bRucMC duiWgc"
                    >
                      <span
                        class="bp3-popover-target bp3-popover-open"
                      >
                        <div
                          class=""
                        >
                          <button
                            class="bp3-button"
                            type="button"
                          >
                            <span
                              class="bp3-button-text"
                            >
                              -- Select --
                            </span>
                            <span
                              class="bp3-icon bp3-icon-chevron-down"
                              icon="chevron-down"
                            >
                              <svg
                                data-icon="chevron-down"
                                height="16"
                                viewBox="0 0 16 16"
                                width="16"
                              >
                                <desc>
                                  chevron-down
                                </desc>
                                <path
                                  d="M12 5c-.28 0-.53.11-.71.29L8 8.59l-3.29-3.3a1.003 1.003 0 00-1.42 1.42l4 4c.18.18.43.29.71.29s.53-.11.71-.29l4-4A1.003 1.003 0 0012 5z"
                                  fill-rule="evenodd"
                                />
                              </svg>
                            </span>
                          </button>
                        </div>
                      </span>
                    </span>
                  </div>
                </div>
              </div>
            </div>
          </div>
        </div>
        <div
          class="sc-giAqnE klYtvZ"
        />
        <div
          class="sc-bYwzba kiyDTL"
        />
        <div
          class="sc-ezzayL bIENMN"
        />
        <div
          class="sc-kLokih enxjFo"
        />
        <div
          class="sc-hiKfjK gwNFVo"
        />
        <div
          class="sc-gXfWUo dgsqcY"
        />
        <div
          class="sc-iklIKw bFWgLO"
        />
        <div
          class="sc-jJMGHv ddWPcY"
        />
      </div>
      <div
        class="sc-dlnjPT eNTPmj"
        style="opacity: 0; position: absolute; transform: translate(-50%, -50%); top: 50%; left: 50%;"
      />
    </div>
  </div>
</DocumentFragment>
`;
